// Jest Snapshot v1, https://goo.gl/fbAQLP

exports[`Renders correctly 1`] = `
<header>
  <div
    className="container"
  >
    <h1
      className="branding"
    >
      Math Genius
    </h1>
    <nav>
      <ul>
        <li>
          <a
            href="/"
          >
            Home
          </a>
        </li>
        <li>
          <a
            href="/calculator"
          >
            Calculator
          </a>
        </li>
        <li>
          <a
            href="/quote"
          >
            Quote
          </a>
        </li>
      </ul>
    </nav>
  </div>
</header>
`;
